// Jest Snapshot v1, https://goo.gl/fbAQLP

exports[` api 1`] = `[Function]`;
