// Jest Snapshot v1, https://goo.gl/fbAQLP

exports[`hooks click 1`] = `[Function]`;
