// Jest Snapshot v1, https://goo.gl/fbAQLP

exports[`input calc weight 1`] = `[Function]`;
