// Jest Snapshot v1, https://goo.gl/fbAQLP

exports[` list 1`] = `[Function]`;
